The result of Abs function test is FAIL
